// Jest Snapshot v1, https://goo.gl/fbAQLP

exports[`tags e2e GET /tags/:tagId happy path 1`] = `
Object {
  "__v": 0,
  "createdAt": Any<String>,
  "id": Any<String>,
  "updatedAt": Any<String>,
}
`;

exports[`tags e2e GET /tags/:tagId simple fields 1`] = `
Object {
  "__v": 0,
  "createdAt": Any<String>,
  "id": Any<String>,
  "name": Object {
    "en": "Techno",
  },
  "updatedAt": Any<String>,
}
`;
