// Jest Snapshot v1, https://goo.gl/fbAQLP

exports[`configs e2e GET /configs/:configId simple fields 1`] = `
Object {
  "__v": 0,
  "createdAt": Any<String>,
  "id": Any<String>,
  "name": "Foo",
  "updatedAt": Any<String>,
}
`;
